
> haber-sitesi@1.0.0 build
> next build

   Ôû▓ Next.js 15.5.6
   - Environments: .env.local

   Creating an optimized production build ...
node.exe : [baseline-browser-mapping] The data in this module is over two months old.  To ensure accurate Baseline data, please update: `npm i 
baseline-browser-mapping@latest -D`
At C:\Program Files\nodejs\npm.ps1:29 char:3
+   & $NODE_EXE $NPM_CLI_JS $args
+   ~~~~~~~~~~~~~~~~~~~~~~~~~~~~~
    + CategoryInfo          : NotSpecified: ([baseline-brows...ping@latest -D`:String) [], RemoteException
    + FullyQualifiedErrorId : NativeCommandError
 
 Ô£ô Compiled successfully in 2.8s
   Linting and checking validity of types ...

./src/app/editor/dashboard/page.tsx
30:6  Warning: React Hook useEffect has a missing dependency: 'router'. Either include it or remove the dependency array.  react-hooks/exhaustive-deps

./src/app/editor/news/edit/[id]/page.tsx
31:6  Warning: React Hook useEffect has missing dependencies: 'fetchNews' and 'router'. Either include them or remove the dependency array.  react-hooks/exhaustive-deps

./src/app/editor/news/new/page.tsx
35:6  Warning: React Hook useEffect has a missing dependency: 'router'. Either include it or remove the dependency array.  react-hooks/exhaustive-deps
222:17  Warning: Using `<img>` could result in slower LCP and higher bandwidth. Consider using `<Image />` from `next/image` or a custom image loader to automatically optimize images. This may incur additional usage or cost from your provider. See: https://nextjs.org/docs/messages/no-img-element  @next/next/no-img-element

./src/app/editor/news/page.tsx
31:6  Warning: React Hook useEffect has missing dependencies: 'fetchNews' and 'router'. Either include them or remove the dependency array.  react-hooks/exhaustive-deps

./src/components/CommentSection.tsx
24:6  Warning: React Hook useEffect has a missing dependency: 'fetchComments'. Either include it or remove the dependency array.  react-hooks/exhaustive-deps

info  - Need to disable some ESLint rules? Learn more here: https://nextjs.org/docs/app/api-reference/config/eslint#disabling-rules
   Collecting page data ...
   Generating static pages (0/19) ...
   Generating static pages (4/19) 
   Generating static pages (9/19) 
   Generating static pages (14/19) 
 Ô£ô Generating static pages (19/19)
   Finalizing page optimization ...
   Collecting build traces ...

Route (app)                                 Size  First Load JS
Ôöî ãÆ /                                    3.35 kB         109 kB
Ôö£ Ôùï /_not-found                            991 B         103 kB
Ôö£ ãÆ /api/auth/login                        154 B         102 kB
Ôö£ ãÆ /api/categories                        154 B         102 kB
Ôö£ ãÆ /api/chat                              154 B         102 kB
Ôö£ ãÆ /api/comments                          154 B         102 kB
Ôö£ ãÆ /api/news                              154 B         102 kB
Ôö£ ãÆ /api/news-bot                          154 B         102 kB
Ôö£ ãÆ /api/news/[id]                         154 B         102 kB
Ôö£ ãÆ /api/newsletter                        154 B         102 kB
Ôö£ ãÆ /api/search                            154 B         102 kB
Ôö£ Ôùï /arama                               1.98 kB         107 kB
Ôö£ Ôùï /editor/dashboard                    2.18 kB         108 kB
Ôö£ Ôùï /editor/login                        1.57 kB         107 kB
Ôö£ Ôùï /editor/news                         1.85 kB         107 kB
Ôö£ ãÆ /editor/news/edit/[id]               1.92 kB         107 kB
Ôö£ Ôùï /editor/news/new                     2.02 kB         107 kB
Ôö£ ãÆ /feed.xml                              154 B         102 kB
Ôö£ ãÆ /haber/[slug]                        2.13 kB         107 kB
Ôö£ ãÆ /kategori/[slug]                       915 B         106 kB
Ôö£ Ôùï /robots.txt                            154 B         102 kB
Ôö£ ãÆ /sitemap.xml                           154 B         102 kB
Ôöö Ôùï /test-bot                            1.29 kB         107 kB
+ First Load JS shared by all             102 kB
  Ôö£ chunks/255-cf2e1d3491ac955b.js       45.7 kB
  Ôö£ chunks/4bd1b696-c023c6e3521b1417.js  54.2 kB
  Ôöö other shared chunks (total)          1.99 kB


Ôùï  (Static)   prerendered as static content
ãÆ  (Dynamic)  server-rendered on demand

